// Jest Snapshot v1, https://goo.gl/fbAQLP

exports[`Landing Screen renders 1`] = `
ShallowWrapper {
  "complexSelector": ComplexSelector {
    "buildPredicate": [Function],
    "childrenOfNode": [Function],
    "findWhereUnwrapped": [Function],
  },
  "length": 1,
  "node": <View
    style={
      Object {
        "backgroundColor": "#334d5c",
        "height": "100%",
      }
    }
  >
    <Header
      headerText="TelePorter"
    />
    <LoginCarousel />
    <LoginButtonRow
      loginUser={[Function]}
      registerUser={[Function]}
    />
  </View>,
  "nodes": Array [
    <View
      style={
        Object {
          "backgroundColor": "#334d5c",
          "height": "100%",
        }
      }
    >
      <Header
        headerText="TelePorter"
      />
      <LoginCarousel />
      <LoginButtonRow
        loginUser={[Function]}
        registerUser={[Function]}
      />
    </View>,
  ],
  "options": Object {
    "context": Object {
      "store": Object {
        "clearActions": [Function],
        "dispatch": [Function],
        "getActions": [Function],
        "getState": [Function],
        "replaceReducer": [Function],
        "subscribe": [Function],
      },
    },
  },
  "renderer": ReactShallowRenderer {
    "_context": Object {},
    "_element": <Component
      style={
        Object {
          "backgroundColor": "#334d5c",
          "height": "100%",
        }
      }
    >
      <Header
        headerText="TelePorter"
      />
      <LoginCarousel />
      <LoginButtonRow
        loginUser={[Function]}
        registerUser={[Function]}
      />
    </Component>,
    "_forcedUpdate": false,
    "_instance": Component {
      "context": Object {},
      "props": Object {
        "children": Array [
          <Header
            headerText="TelePorter"
          />,
          <LoginCarousel />,
          <LoginButtonRow
            loginUser={[Function]}
            registerUser={[Function]}
          />,
        ],
        "style": Object {
          "backgroundColor": "#334d5c",
          "height": "100%",
        },
      },
      "refs": Object {},
      "state": null,
      "updater": Updater {
        "_callbacks": Array [],
        "_renderer": [Circular],
      },
      "viewConfig": Object {
        "uiViewClassName": "RCTView",
        "validAttributes": Object {
          "accessibilityActions": true,
          "accessibilityComponentType": true,
          "accessibilityLabel": true,
          "accessibilityLiveRegion": true,
          "accessibilityTraits": true,
          "accessible": true,
          "collapsable": true,
          "importantForAccessibility": true,
          "nativeID": true,
          "needsOffscreenAlphaCompositing": true,
          "onAccessibilityAction": true,
          "onAccessibilityTap": true,
          "onLayout": true,
          "onMagicTap": true,
          "pointerEvents": true,
          "removeClippedSubviews": true,
          "renderToHardwareTextureAndroid": true,
          "shouldRasterizeIOS": true,
          "style": Object {
            "alignContent": "alignContent",
            "alignItems": "alignItems",
            "alignSelf": "alignSelf",
            "aspectRatio": "aspectRatio",
            "backfaceVisibility": "backfaceVisibility",
            "backgroundColor": Object {
              "process": [Function],
            },
            "borderBottomColor": Object {
              "process": [Function],
            },
            "borderBottomEndRadius": "borderBottomEndRadius",
            "borderBottomLeftRadius": "borderBottomLeftRadius",
            "borderBottomRightRadius": "borderBottomRightRadius",
            "borderBottomStartRadius": "borderBottomStartRadius",
            "borderBottomWidth": "borderBottomWidth",
            "borderColor": Object {
              "process": [Function],
            },
            "borderEndColor": Object {
              "process": [Function],
            },
            "borderEndWidth": "borderEndWidth",
            "borderLeftColor": Object {
              "process": [Function],
            },
            "borderLeftWidth": "borderLeftWidth",
            "borderRadius": "borderRadius",
            "borderRightColor": Object {
              "process": [Function],
            },
            "borderRightWidth": "borderRightWidth",
            "borderStartColor": Object {
              "process": [Function],
            },
            "borderStartWidth": "borderStartWidth",
            "borderStyle": "borderStyle",
            "borderTopColor": Object {
              "process": [Function],
            },
            "borderTopEndRadius": "borderTopEndRadius",
            "borderTopLeftRadius": "borderTopLeftRadius",
            "borderTopRightRadius": "borderTopRightRadius",
            "borderTopStartRadius": "borderTopStartRadius",
            "borderTopWidth": "borderTopWidth",
            "borderWidth": "borderWidth",
            "bottom": "bottom",
            "color": Object {
              "process": [Function],
            },
            "decomposedMatrix": "decomposedMatrix",
            "direction": "direction",
            "display": "display",
            "elevation": "elevation",
            "end": "end",
            "flex": "flex",
            "flexBasis": "flexBasis",
            "flexDirection": "flexDirection",
            "flexGrow": "flexGrow",
            "flexShrink": "flexShrink",
            "flexWrap": "flexWrap",
            "fontFamily": "fontFamily",
            "fontSize": "fontSize",
            "fontStyle": "fontStyle",
            "fontVariant": "fontVariant",
            "fontWeight": "fontWeight",
            "height": "height",
            "includeFontPadding": "includeFontPadding",
            "justifyContent": "justifyContent",
            "left": "left",
            "letterSpacing": "letterSpacing",
            "lineHeight": "lineHeight",
            "margin": "margin",
            "marginBottom": "marginBottom",
            "marginEnd": "marginEnd",
            "marginHorizontal": "marginHorizontal",
            "marginLeft": "marginLeft",
            "marginRight": "marginRight",
            "marginStart": "marginStart",
            "marginTop": "marginTop",
            "marginVertical": "marginVertical",
            "maxHeight": "maxHeight",
            "maxWidth": "maxWidth",
            "minHeight": "minHeight",
            "minWidth": "minWidth",
            "opacity": "opacity",
            "overflow": "overflow",
            "overlayColor": Object {
              "process": [Function],
            },
            "padding": "padding",
            "paddingBottom": "paddingBottom",
            "paddingEnd": "paddingEnd",
            "paddingHorizontal": "paddingHorizontal",
            "paddingLeft": "paddingLeft",
            "paddingRight": "paddingRight",
            "paddingStart": "paddingStart",
            "paddingTop": "paddingTop",
            "paddingVertical": "paddingVertical",
            "position": "position",
            "resizeMode": "resizeMode",
            "right": "right",
            "rotation": "rotation",
            "scaleX": "scaleX",
            "scaleY": "scaleY",
            "shadowColor": Object {
              "process": [Function],
            },
            "shadowOffset": Object {
              "diff": [Function],
            },
            "shadowOpacity": "shadowOpacity",
            "shadowRadius": "shadowRadius",
            "start": "start",
            "textAlign": "textAlign",
            "textAlignVertical": "textAlignVertical",
            "textDecorationColor": Object {
              "process": [Function],
            },
            "textDecorationLine": "textDecorationLine",
            "textDecorationStyle": "textDecorationStyle",
            "textShadowColor": Object {
              "process": [Function],
            },
            "textShadowOffset": "textShadowOffset",
            "textShadowRadius": "textShadowRadius",
            "tintColor": Object {
              "process": [Function],
            },
            "top": "top",
            "transform": Object {
              "process": [Function],
            },
            "transformMatrix": "transformMatrix",
            "translateX": "translateX",
            "translateY": "translateY",
            "width": "width",
            "writingDirection": "writingDirection",
            "zIndex": "zIndex",
          },
          "testID": true,
        },
      },
    },
    "_newState": null,
    "_rendered": <View
      style={
        Object {
          "backgroundColor": "#334d5c",
          "height": "100%",
        }
      }
    >
      <Header
        headerText="TelePorter"
      />
      <LoginCarousel />
      <LoginButtonRow
        loginUser={[Function]}
        registerUser={[Function]}
      />
    </View>,
    "_rendering": false,
    "_updater": Updater {
      "_callbacks": Array [],
      "_renderer": [Circular],
    },
    "getRenderOutput": [Function],
    "render": [Function],
  },
  "root": [Circular],
  "unrendered": <Component
    style={
      Object {
        "backgroundColor": "#334d5c",
        "height": "100%",
      }
    }
  >
    <Header
      headerText="TelePorter"
    />
    <LoginCarousel />
    <LoginButtonRow
      loginUser={[Function]}
      registerUser={[Function]}
    />
  </Component>,
}
`;
